// Vitest Snapshot v1

exports[`Main App Component > doesn't reflect changes when clicked elsewhere 1`] = `
<div>
  <div
    class="App"
  >
    <div>
      <img
        alt="React logo"
        class="react"
        src="/src/assets/react.svg"
      />
    </div>
    <h1>
      <span>
        [ âœ¨ ]
      </span>
       A Vite template App! 
      <span>
        [ âœ¨ ]
      </span>
    </h1>
    <ul>
      <li>
        ðŸš€ | React with Vite!
      </li>
      <li>
        ðŸŽ‰ | Typescript support!
      </li>
      <li>
        ðŸ§ª | Vitest for testing!
      </li>
      <li>
        ðŸ¥½ | Modular SCSS setup!
      </li>
      <li>
        ðŸ¦‹ | ESLint-Prettier with husky and lint-staged!
      </li>
      <li>
        ðŸ—º | React-router-dom@v6 and React Icons!
      </li>
    </ul>
    <div
      class="card"
    >
      <button
        type="button"
      >
        âŒš | Click to brr- 
        0
      </button>
      <div>
        <p>
          Edit 
          <code>
            src/App.tsx
          </code>
           and save to test HMR.
        </p>
        <p>
          Style components with 
          <code>
            .scss
          </code>
           component files.
        </p>
      </div>
    </div>
    <p
      class="read-the-docs"
    >
      <a
        href="https://reactjs.org"
      >
        React Docs
      </a>
       |
       
      <a
        href="https://vitejs.dev/guide/"
      >
        Vite Guide
      </a>
    </p>
  </div>
</div>
`;

exports[`Main App Component > rendering 1`] = `
<div>
  <div
    class="App"
  >
    <div>
      <img
        alt="React logo"
        class="react"
        src="/src/assets/react.svg"
      />
    </div>
    <h1>
      <span>
        [ âœ¨ ]
      </span>
       A Vite template App! 
      <span>
        [ âœ¨ ]
      </span>
    </h1>
    <ul>
      <li>
        ðŸš€ | React with Vite!
      </li>
      <li>
        ðŸŽ‰ | Typescript support!
      </li>
      <li>
        ðŸ§ª | Vitest for testing!
      </li>
      <li>
        ðŸ¥½ | Modular SCSS setup!
      </li>
      <li>
        ðŸ¦‹ | ESLint-Prettier with husky and lint-staged!
      </li>
      <li>
        ðŸ—º | React-router-dom@v6 and React Icons!
      </li>
    </ul>
    <div
      class="card"
    >
      <button
        type="button"
      >
        âŒš | Click to brr- 
        0
      </button>
      <div>
        <p>
          Edit 
          <code>
            src/App.tsx
          </code>
           and save to test HMR.
        </p>
        <p>
          Style components with 
          <code>
            .scss
          </code>
           component files.
        </p>
      </div>
    </div>
    <p
      class="read-the-docs"
    >
      <a
        href="https://reactjs.org"
      >
        React Docs
      </a>
       |
       
      <a
        href="https://vitejs.dev/guide/"
      >
        Vite Guide
      </a>
    </p>
  </div>
</div>
`;
